{
  "Global": {
    "Id": "",
    "Fingerprint": "",
    "Metrics": {
      "TimeMetrics": {
        "Lock_time": {
          "Sum": 0,
          "Min": 0,
          "Avg": 0,
          "Med": 0,
          "P95": 0,
          "Max": 0
        },
        "Query_time": {
          "Sum": 22.703688999999997,
          "Min": 0.000002,
          "Avg": 0.6306580277777777,
          "Med": 0.192812,
          "P95": 2.034012,
          "Max": 3.034012
        }
      },
      "NumberMetrics": {
        "Rows_sent": {
          "Sum": 156,
          "Min": 0,
          "Avg": 4,
          "Med": 1,
          "P95": 6,
          "Max": 99
        }
      }
    },
    "TotalQueries": 36,
    "UniqueQueries": 1
  },
  "Class": {
    "CB5621E548E5497F": {
      "Id": "CB5621E548E5497F",
      "Fingerprint": "select c from t where id=?",
      "Metrics": {
        "TimeMetrics": {
          "Lock_time": {
            "Sum": 0,
            "Min": 0,
            "Avg": 0,
            "Med": 0,
            "P95": 0,
            "Max": 0
          },
          "Query_time": {
            "Sum": 22.703688999999997,
            "Min": 0.000002,
            "Avg": 0.6306580277777777,
            "Med": 0.192812,
            "P95": 2.034012,
            "Max": 3.034012
          }
        },
        "NumberMetrics": {
          "Rows_sent": {
            "Sum": 156,
            "Min": 0,
            "Avg": 4,
            "Med": 1,
            "P95": 6,
            "Max": 99
          }
        }
      },
      "TotalQueries": 36,
      "UniqueQueries": 1,
      "Example": {
        "QueryTime": 3.034012,
        "Db": "",
        "Query": "SELECT c FROM t WHERE id=1",
        "Size": 26,
        "Ts": "2007-12-18 11:48:27"
      }
    }
  },
  "RateLimit": 0,
  "Error": ""
}