{
  "Global": {
    "Id": "",
    "User": "",
    "Host": "",
    "Db": "",
    "Server": "",
    "LabelsKey": [],
    "LabelsValue": [],
    "Fingerprint": "",
    "Metrics": {
      "TimeMetrics": {
        "Lock_time": {
          "Cnt": 1,
          "Sum": 0,
          "Min": 0,
          "P99": 0,
          "Max": 0
        },
        "Query_time": {
          "Cnt": 1,
          "Sum": 1.000249,
          "Min": 1.000249,
          "P99": 1.000249,
          "Max": 1.000249
        }
      },
      "NumberMetrics": {
        "Bytes_sent": {
          "Cnt": 1,
          "Sum": 89,
          "Min": 89,
          "P99": 89,
          "Max": 89
        },
        "Killed": {
          "Cnt": 1,
          "Sum": 0,
          "Min": 0,
          "P99": 0,
          "Max": 0
        },
        "Last_errno": {
          "Cnt": 1,
          "Sum": 0,
          "Min": 0,
          "P99": 0,
          "Max": 0
        },
        "Merge_passes": {
          "Cnt": 1,
          "Sum": 0,
          "Min": 0,
          "P99": 0,
          "Max": 0
        },
        "Rows_affected": {
          "Cnt": 1,
          "Sum": 0,
          "Min": 0,
          "P99": 0,
          "Max": 0
        },
        "Rows_examined": {
          "Cnt": 1,
          "Sum": 0,
          "Min": 0,
          "P99": 0,
          "Max": 0
        },
        "Rows_sent": {
          "Cnt": 1,
          "Sum": 1,
          "Min": 1,
          "P99": 1,
          "Max": 1
        },
        "Tmp_disk_tables": {
          "Cnt": 1,
          "Sum": 0,
          "Min": 0,
          "P99": 0,
          "Max": 0
        },
        "Tmp_table_sizes": {
          "Cnt": 1,
          "Sum": 0,
          "Min": 0,
          "P99": 0,
          "Max": 0
        },
        "Tmp_tables": {
          "Cnt": 1,
          "Sum": 0,
          "Min": 0,
          "P99": 0,
          "Max": 0
        }
      },
      "BoolMetrics": {
        "Filesort": {
          "Cnt": 1,
          "Sum": 0
        },
        "Filesort_on_disk": {
          "Cnt": 1,
          "Sum": 0
        },
        "Full_join": {
          "Cnt": 1,
          "Sum": 0
        },
        "Full_scan": {
          "Cnt": 1,
          "Sum": 0
        },
        "QC_Hit": {
          "Cnt": 1,
          "Sum": 0
        },
        "Tmp_table": {
          "Cnt": 1,
          "Sum": 0
        },
        "Tmp_table_on_disk": {
          "Cnt": 1,
          "Sum": 0
        }
      }
    },
    "TotalQueries": 1,
    "UniqueQueries": 1,
    "NumQueriesWithErrors": 0,
    "ErrorsCode": null,
    "ErrorsCount": null
  },
  "Class": {
    "16219655761820A2;test;;test;": {
      "Id": "16219655761820A2",
      "User": "test",
      "Host": "",
      "Db": "test",
      "Server": "",
      "LabelsKey": [],
      "LabelsValue": [],
      "Fingerprint": "select ?",
      "Metrics": {
        "TimeMetrics": {
          "Lock_time": {
            "Cnt": 1,
            "Sum": 0,
            "Min": 0,
            "P99": 0,
            "Max": 0
          },
          "Query_time": {
            "Cnt": 1,
            "Sum": 1.000249,
            "Min": 1.000249,
            "P99": 1.000249,
            "Max": 1.000249
          }
        },
        "NumberMetrics": {
          "Bytes_sent": {
            "Cnt": 1,
            "Sum": 89,
            "Min": 89,
            "P99": 89,
            "Max": 89
          },
          "Killed": {
            "Cnt": 1,
            "Sum": 0,
            "Min": 0,
            "P99": 0,
            "Max": 0
          },
          "Last_errno": {
            "Cnt": 1,
            "Sum": 0,
            "Min": 0,
            "P99": 0,
            "Max": 0
          },
          "Merge_passes": {
            "Cnt": 1,
            "Sum": 0,
            "Min": 0,
            "P99": 0,
            "Max": 0
          },
          "Rows_affected": {
            "Cnt": 1,
            "Sum": 0,
            "Min": 0,
            "P99": 0,
            "Max": 0
          },
          "Rows_examined": {
            "Cnt": 1,
            "Sum": 0,
            "Min": 0,
            "P99": 0,
            "Max": 0
          },
          "Rows_sent": {
            "Cnt": 1,
            "Sum": 1,
            "Min": 1,
            "P99": 1,
            "Max": 1
          },
          "Tmp_disk_tables": {
            "Cnt": 1,
            "Sum": 0,
            "Min": 0,
            "P99": 0,
            "Max": 0
          },
          "Tmp_table_sizes": {
            "Cnt": 1,
            "Sum": 0,
            "Min": 0,
            "P99": 0,
            "Max": 0
          },
          "Tmp_tables": {
            "Cnt": 1,
            "Sum": 0,
            "Min": 0,
            "P99": 0,
            "Max": 0
          }
        },
        "BoolMetrics": {
          "Filesort": {
            "Cnt": 1,
            "Sum": 0
          },
          "Filesort_on_disk": {
            "Cnt": 1,
            "Sum": 0
          },
          "Full_join": {
            "Cnt": 1,
            "Sum": 0
          },
          "Full_scan": {
            "Cnt": 1,
            "Sum": 0
          },
          "QC_Hit": {
            "Cnt": 1,
            "Sum": 0
          },
          "Tmp_table": {
            "Cnt": 1,
            "Sum": 0
          },
          "Tmp_table_on_disk": {
            "Cnt": 1,
            "Sum": 0
          }
        }
      },
      "TotalQueries": 1,
      "UniqueQueries": 1,
      "Example": {
        "QueryTime": 1.000249,
        "Db": "test",
        "Query": "select \"Lorem ipsum dolor sit amet, consectetur adipiscing elit, sed do eiusmod tempor incididunt ut labore et dolore magna aliqua. Vitae semper quis lectus nulla. Purus non enim praesent elementum facilisis. Ut sem viverra aliquet eget sit amet tellus. Sollicitudin aliquam ultrices sagittis orci a. Lorem sed risus ultricies tristique nulla aliquet enim tortor. Ipsum dolor sit amet consectetur adipiscing elit ut aliquam. Iaculis urna id volutpat lacus laoreet non. Ultricies lacus sed turpis tincidunt id aliquet. Fermentum dui faucibus in ornare quam viverra orci.\n\nLobortis mattis aliquam faucibus purus in massa tempor. Id semper risus in hendrerit. Duis ultricies lacus sed turpis tincidunt id. Massa sapien faucibus et molestie ac feugiat sed lectus. Quam quisque id diam vel quam elementum pulvinar etiam non. Erat nam at lectus urna duis. Faucibus et molestie ac feugiat. Gravida rutrum quisque non tellus orci. Leo vel fringilla est ullamcorper eget nulla. Tortor vitae purus faucibus ornare suspendisse sed nisi lacus. Hac habitasse platea dictumst vestibulum. Integer feugiat scelerisque varius morbi enim nunc. Faucibus purus in massa tempor.\n\nFacilisis leo vel fringilla est ullamcorper eget nulla facilisi. Felis bibendum ut tristique et egestas quis. At volutpat diam ut venenatis tellus in metus vulputate. Nec nam aliquam sem et tortor consequat id porta. Rhoncus dolor purus non enim praesent. Rhoncus urna neque viverra justo nec. Libero nunc consequat interdum varius sit. Dolor sit amet consectetur adipiscing elit ut aliquam purus sit. Euismod quis viverra nibh cras pulvinar mattis nunc. Vel eros donec ac odio tempor orci. Cursus eget nunc scelerisque viverra mauris. Sapien nec sagittis aliquam malesuada bibendum arcu. Integer malesuada nunc vel risus commodo. Justo donec enim diam vulputate ut pharetra sit amet aliquam. Mi quis hendrerit dolor magna eget est lorem. Non blandit massa enim nec dui nunc mattis enim.\n\nInteger malesuada nunc vel risus commodo viverra maecenas accumsan lacus. Ante in nibh mauris cursus mattis molestie a iaculis at. Amet nisl purus in mollis nunc sed. Platea dictumst vestibulum rhoncus est pellentesque elit ullamcorper dignissim. Eget felis eget nunc lobortis mattis. Maecenas pharetra convallis posuere morbi leo. Interdum posuere lorem ipsum dolor sit amet consectetur. Velit scelerisque in dictum non consectetur. Nulla aliquet porttitor lacus luctus accumsan. Diam in arcu cursus euismod quis viverra. Feugiat pretium nibh ipsum consequat nisl vel pretium lectus. Massa ultricies mi quis hendrerit dolor magna eget est lorem. Eget velit aliquet sagittis id consectetur purus ut. Diam donec adipiscing tristique risus.\n\nElementum pulvinar etiam non quam. Ac auctor augue mauris augue neque gravida in fermentum. Adipiscing commodo elit at imperdiet dui accumsan sit amet nulla. Nam aliquam sem et tortor. Risus ultricies tristique nulla aliquet enim tortor at auctor. Nibh praesent tristique magna sit amet purus gravida quis. Tellus molestie nunc non blandit massa enim. In mollis nunc sed id semper risus in hendrerit gravida. Lectus nulla at volutpat diam ut venenatis tellus in metus. Sit amet nisl suscipit adipiscing bibendum est ultricies integer quis. Nisi est sit amet facilisis magna etiam tempor orci eu. Convallis convallis tellus id interdum. Varius sit amet mattis vulputate enim nulla. Eu facilisis sed odio morbi quis commodo odio aenean. Lorem ipsum dolor sit amet. Fermentum dui faucibus in ornare. Amet consectetur adipiscing elit duis tristique sollicitudin. Morbi tristique senectus et netus et malesuada.\n\nVitae ultricies leo integer malesuada nunc vel risus commodo. Sed arcu non odio euismod lacinia at quis risus sed. Ut morbi tincidunt augue interdum velit euismod in pellentesque. Sed sed risus pretium quam vulputate dignissim suspendisse in est. In cursus turpis massa tincidunt dui ut. Porttitor rhoncus dolor purus non enim praesent elementum facilisis. Egestas egestas fringilla phasellus faucibus scelerisque. Non diam phasellus vestibulum lorem sed risus ultricies tristique nulla. Lacinia at quis risus sed vulputate odio. Malesuada fames ac turpis egestas sed. Ornare arcu dui vivamus arcu felis. Aliquam ultrices sagittis orci a scelerisque purus semper eget. Pellentesque habitant morbi tristique senectus et. Netus et malesuada fames ac. Platea dictumst quisque sagittis purus sit amet volutpat consequat mauris. Lacinia quis vel eros donec ac odio tempor orci dapibus. Arcu risus quis varius quam quisque id diam vel quam. Nulla porttitor massa id neque aliquam vestibulum morbi blandit. Aliquet lectus proin nibh nisl condimentum id venenatis. Elementum pulvinar etiam non quam lacus suspendisse faucibus.\n\nQuis lectus nulla at volutpat. Faucibus interdum posuere lorem ipsum dolor. Amet porttitor eget dolor morbi non arcu risus quis varius. Sit amet commodo nulla facilisi nullam vehicula ipsum a arcu. Morbi tincidunt augue interdum velit euismod in pellentesque. Tempor orci dapibus ultrices in iaculis nunc. Ultrices mi tempus imperdiet nulla malesuada pellentesque elit eget gravida. Id faucibus nisl tincidunt eget nullam non nisi est. Feugiat nibh sed pulvinar proin gravida hendrerit lectus a. Elit at imperdiet dui accumsan sit amet nulla. Pulvinar sapien et ligula ullamcorper malesuada proin libero. Sollicitudin tempor id eu nisl nunc mi ipsum faucibus vitae. Vel facilisis volutpat est velit egestas dui id ornare. Mi tempus imperdiet nulla malesuada pellentesque elit.\n\nVel fringilla est ullamcorper eget nulla facilisi etiam dignissim. Semper auctor neque vitae tempus quam pellentesque. Dapibus ultrices in iaculis nunc sed augue lacus. Dolor sit amet consectetur adipiscing elit ut aliquam purus. Ultrices dui sapien eget mi proin sed. Nulla facilisi morbi tempus iaculis urna id volutpat lacus laoreet. At urna condimentum mattis pellentesque id nibh tortor id. Viverra ipsum nunc aliquet bibendum enim facilisis. Gravida cum sociis natoque penatibus et magnis dis. Dolor sit amet consectetur adipiscing elit duis. Laoreet id donec ultrices tincidunt arcu non sodales. Massa vitae tortor condimentum lacinia quis. Pharetra sit amet aliquam id diam maecenas ultricies.\n\nConvallis a cras semper auctor neque vitae tempus quam pellentesque. Sodales ut etiam sit amet nisl purus in. Velit scelerisque in dictum non. Quisque non tellus orci ac auctor augue mauris. Vel facilisis volutpat est velit egestas dui. Consectetur adipiscing elit ut aliquam purus sit amet luctus venenatis. Duis at tellus at urna. Id consectetur purus ut faucibus pulvinar elementum. Ipsum a arcu cursus vitae congue. Id leo in vitae turpis massa sed elementum tempus egestas. Placerat vestibulum lectus mauris ultrices eros in cursus turpis massa. Turpis egestas integer eget aliquet nibh. Aliquam ut porttitor leo a diam sollicitudin tempor. Ut sem nulla pharetra diam sit amet. Commodo nulla facilisi nullam vehicula ipsum a arcu cursus. Tincidunt tortor aliquam nulla facilisi. Sit amet justo donec enim diam vulputate ut pharetra. Pellentesque pulvinar pellentesque habitant morbi tristique senectus et netus et. In fermentum posuere urna nec tincidunt. Et netus et malesuada fames ac turpis egestas sed tempus.\n\nSenectus et netus et malesuada fames ac turpis egestas. Est lorem ipsum dolor sit amet consectetur. Enim blandit volutpat maecenas volutpat blandit aliquam. Pharetra et ultrices neque ornare aenean euismod. Et egestas quis ipsum suspendisse ultrices gravida dictum fusce. Urna porttitor rhoncus dolor purus non enim. Neque sodales ut etiam sit amet nisl purus in. Eget egestas purus viverra accumsan in nisl nisi scelerisque. Quam lacus suspendisse faucibus interdum posuere lorem ipsum. Posuere ac ut consequat semper viverra nam libero justo. Interdum varius sit amet mattis vulputate enim nulla. Nisi quis eleifend quam adipiscing vitae proin sagittis. Sodales ut eu sem integer vitae justo. Pellentesque pulvinar pellentesque habitant morbi tristique senectus et netus. Diam sit amet nisl suscipit adipiscing bibendum est ultricies. Enim praesent elementum facilisis leo.\n\nEst ante in nibh mauris cursus mattis molestie. Eu lobortis elementum nibh tellus molestie nunc non blandit massa. Vestibulum morbi blandit cursus risus at ultrices mi tempus. Tortor at risus viverra adipiscing at in tellus integer. Magnis dis parturient montes nascetur. Justo nec ultrices dui sapien. Imperdiet proin fermentum leo vel orci. Imperdiet proin fermentum leo vel orci porta non. Pellentesque eu tincidunt tortor aliquam nulla facilisi. Urna id volutpat lacus laoreet non curabitur gravida arcu ac. Nunc scelerisque viverra mauris in. Et malesuada fames ac turpis egestas.\n\nDonec et odio pellentesque diam volutpat commodo sed. Sed sed risus pretium quam vulputate. Velit ut tortor pretium viverra suspendisse potenti nullam. Ac felis donec et odio pellentesque diam. Ac turpis egestas maecenas pharetra convallis posuere morbi leo urna. Urna porttitor rhoncus dolor purus non enim praesent elementum facilisis. Nec sagittis aliquam malesuada bibendum. Erat velit scelerisque in dictum non consectetur. Ullamcorper velit sed ullamcorper morbi. Leo vel fringilla est ullamcorper eget. Elit sed vulputate mi sit amet mauris commodo quis. Leo vel fringilla est ullamcorper. Tincidunt ornare massa eget egestas purus. Ultrices in iaculis nunc sed augue. Odio facilisis mauris sit amet massa vitae tortor condimentum. Nulla aliquet enim tortor at auctor urna nunc. Commodo nulla facilisi nullam vehicula ipsum a arcu cursus vitae. Eget aliquet nibh praesent tristique. Amet purus gravida quis blandit turpis cursus in hac habitasse. Tempor orci eu lobortis elementum nibh tellus molestie nunc.\n\nAliquet eget sit amet tellus. Odio ut enim blandit volutpat maecenas volutpat blandit. Curabitur vitae nunc sed velit dignissim sodales. Sed blandit libero volutpat sed cras ornare arcu dui. Nibh sit amet commodo nulla facilisi nullam. Turpis egestas sed tempus urna et pharetra. Lorem ipsum dolor sit amet consectetur adipiscing. Aliquam faucibus purus in massa tempor nec. Tellus in metus vulputate eu scelerisque felis imperdiet proin fermentum. Urna duis convallis convallis tellus id interdum velit laoreet. Sed adipiscing diam donec adipiscing tristique risus. Luctus accumsan tortor posuere ac ut consequat. Turpis egestas pretium aenean pharetra. Sed turpis tincidunt id aliquet. Ultrices mi tempus imperdiet nulla malesuada pellentesque elit eget.\n\nId diam vel quam elementum pulvinar etiam non quam lacus. Vivamus arcu felis bibendum ut tristique et egestas quis ipsum. Netus et malesuada fames ac turpis egestas maecenas pharetra convallis. Dictum fusce ut placerat orci nulla pellentesque dignissim enim sit. Tellus pellentesque eu tincidunt tortor. Purus viverra accumsan in nisl nisi. Morbi non arcu risus quis varius. Sed turpis tincidunt id aliquet risus feugiat. Nulla aliquet porttitor lacus luctus accumsan tortor posuere. Tempus urna et pharetra pharetra massa massa ultricies mi. In ornare quam viverra orci. Nec feugiat in fermentum posuere urna nec. Vestibulum mattis ullamcorper velit sed ullamcorper morbi.\n\nEnim nec dui nunc mattis enim ut tellus. Fermentum dui faucibus in ornare quam viverra orci sagittis. Consectetur adipiscing elit ut aliquam purus. Vulputate enim nulla aliquet porttitor lacus luctus accumsan. Quam id leo in vitae. Habitasse platea dictumst vestibulum rhoncus est pellentesque elit ullamcorper dignissim. Pharetra convallis posuere morbi leo urna molestie. Non pulvinar neque laoreet suspendisse interdum consectetur libero id faucibus. Ac auctor augue mauris augue neque gravida in fermentum. Vestibulum lorem sed risus ultricies tristique nulla aliquet enim tortor. Sociis natoque penatibus et magnis dis parturient. Mattis ullamcorper velit sed ullamcorper morbi tincidunt ornare massa eget. Nulla facilisi etiam dignissim diam quis enim lobortis scelerisque fermentum. Dictum fusce ut placerat orci nulla pellentesque dignissim. Enim facilisis gravida neque convallis. Pellentesque nec nam aliquam sem. Nec sagittis aliquam malesuada bibendum arcu.\n\nOrci porta non pulvinar neque laoreet suspendisse interdum consectetur libero. Bibendum neque egestas congue quisque egestas. Cras semper auctor neque vitae. Proin nibh nisl condimentum id venenatis a condimentum vitae sapien. Morbi non arcu risus quis. Viverra maecenas accumsan lacus vel facilisis. Porta non pulvinar neque laoreet suspendisse interdum consectetur libero id. Tellus pellentesque eu tincidunt tortor. Fringilla est ullamcorper eget nulla facilisi etiam dignissim diam. Ac tortor vitae purus faucibus ornare. Aliquet enim tortor at auctor urna. Aliquet risus feugiat in ante. Dignissim suspendisse in est ante in nibh mauris. At imperdiet dui accumsan sit amet nulla facilisi morbi tempus.\n\nPotenti nullam ac tortor vitae. Malesuada fames ac turpis egestas maecenas pharetra convallis posuere. Turpis nunc eget lorem dolor sed viverra ipsum nunc. Aliquet eget sit amet tellus cras adipiscing enim eu turpis. Egestas purus viverra accumsan in nisl nisi scelerisque eu ultrices. Laoreet sit amet cursus sit amet dictum sit. Turpis egestas pretium aenean pharetra magna ac. Rutrum quisque non tellus orci ac auctor. Dui sapien eget mi proin. Pharetra diam sit amet nisl suscipit. Fames ac turpis egestas maecenas pharetra convallis. Etiam tempor orci eu lobortis elementum nibh tellus. Auctor urna nunc id cursus metus. Ultricies integer quis auctor elit sed vulputate mi sit amet. Mauris commodo quis imperdiet massa. Neque ornare aenean euismod elementum nisi quis eleifend. Sit amet consectetur adipiscing elit. Felis imperdiet proin fermentum leo vel. In egestas erat imperdiet sed.\n\nLaoreet non curabitur gravida arcu ac. Commodo quis imperdiet massa tincidunt nunc pulvinar. Justo laoreet sit amet cursus sit amet. Elit ut aliquam purus sit amet luctus venenatis lectus magna. Placerat vestibulum lectus mauris ultrices eros in cursus turpis. Pellentesque elit eget gravida cum sociis natoque penatibus et magnis. Montes nascetur ridiculus mus mauris vitae. Sapien eget mi proin sed libero enim sed faucibus turpis. At quis risus sed vulputate odio ut. Nisl suscipit adipiscing bibendum est ultricies. Vitae et leo duis ut diam quam. Et malesuada fames ac turpis egestas maecenas pharetra convallis. Tincidunt id aliquet risus feugiat in ante metus dictum at. At augue eget arcu dictum varius. A erat nam at lectus urna duis. Laoreet sit amet cursus sit amet. Pellentesque adipiscing commodo elit at imperdiet dui.\n\nFaucibus ornare suspendisse sed nisi lacus. Et ultrices neque ornare aenean. In hac habitasse platea dictumst quisque sagittis. At augue eget arcu dictum varius. Egestas purus viverra accumsan in nisl nisi. Blandit aliquam etiam erat velit. Sit amet volutpat consequat mauris nunc congue nisi vitae suscipit. Gravida cum sociis natoque penatibus et magnis dis parturient montes. Nisl condimentum id venenatis a condimentum vitae. Fames ac turpis egestas sed tempus urna. Sapien et ligula ullamcorper malesuada proin. Turpis massa sed elementum tempus egestas sed sed. At consectetur lorem donec massa sapien faucibus et molestie. Lorem dolor sed viverra ipsum nunc aliquet bibendum. Est ultricies integer quis auctor.\n\nPorta nibh venenatis cras sed. Dui accumsan sit amet nulla facilisi morbi tempus iaculis urna. Porttitor massa id neque aliquam vestibulum morbi. Felis eget nunc lobortis mattis aliquam faucibus purus in massa. Neque ornare aenean euismod elementum. Tempor commodo ullamcorper a lacus vestibulum. Augue ut lectus arcu bibendum at varius. Morbi tempus iaculis urna id volutpat lacus. Quam adipiscing vitae proin sagittis nisl rhoncus. In fermentum posuere urna nec tincidunt. Viverra orci sagittis eu volutpat odio facilisis mauris. Aliquam ultrices sagittis orci a scelerisque purus semper eget duis.\n\nIpsum dolor sit amet consectetur adipiscing. Lectus quam id leo in vitae turpis massa sed elementum. Mattis molestie a iaculis at erat pellentesque adipiscing commodo elit. Velit egestas dui id ornare arcu. Sem et tortor consequat id. Dictumst vestibulum rhoncus est pellentesque elit ullamcorper. Faucibus a pellentesque sit amet porttitor eget. Risus commodo viverra maecenas accumsan lacus vel facilisis volutpat. Id aliquet risus feugiat in ante. Aenean euismod elementum nisi quis eleifend quam adipiscing. Integer malesuada nunc vel risus commodo viverra maecenas accumsan lacus. Dui sapien eget mi proin sed. Donec enim diam vulputate ut pharetra. Risus feugiat in ante metus dictum. Accumsan lacus vel facilisis volutpat est velit egestas. Vel elit scelerisque mauris pellentesque pulvinar pellentesque habitant morbi tristique.\n\nNibh tellus molestie nunc non blandit massa enim nec. Nunc pulvinar sapien et ligula ullamcorper malesuada. Feugiat in fermentum posuere urna nec tincidunt praesent semper. Netus et malesuada fames ac turpis egestas maecenas pharetra convallis. Euismod elementum nisi quis eleifend quam. Tincidunt vitae semper quis lectus nulla at volutpat diam. Sed felis eget velit aliquet sagittis. Quisque egestas diam in arcu cursus euismod quis viverra. Varius morbi enim nunc faucibus a pellentesque. Diam volutpat commodo sed egestas egestas fringilla phasellus faucibus. Habitant morbi tristique senectus et netus et malesuada. Varius duis at consectetur lorem donec massa sapien faucibus et. Diam quis enim lobortis scelerisque fermentum dui faucibus in ornare. Dui accumsan sit amet nulla facilisi morbi tempus. Duis at tellus at urna condimentum mattis pellentesque id. Facilisis gravida neque convallis a. Imperdiet nulla malesuada pellentesque elit eget. Lorem sed risus ultricies tristique. Etiam tempor orci eu lobortis elementum nibh tellus molestie. Tincidunt augue interdum velit euismod in.\n\nPotenti nullam ac tortor vitae purus faucibus ornare. Consectetur adipiscing elit duis tristique. Gravida rutrum quisque non tellus orci ac auctor augue. Varius vel pharetra vel turpis nunc eget lorem. Nunc eget lorem dolor sed viverra ipsum nunc aliquet bibendum. Pharetra sit amet aliquam id diam maecenas ultricies. Lobortis mattis aliquam faucibus purus in. Sit amet dictum sit amet justo donec. Egestas erat imperdiet sed euismod nisi porta lorem mollis aliquam. Ut faucibus pulvinar elementum integer enim neque volutpat. Lacus laoreet non curabitur gravida arcu. Non enim praesent elementum facilisis. Dui sapien eget mi proin sed libero enim sed. Felis eget nunc lobortis mattis aliquam faucibus purus in massa. Fermentum et sollicitudin ac orci phasellus. Ut sem nulla pharetra diam. Tortor at risus viverra adipiscing at in. Diam donec adipiscing tristique risus nec. Massa ultricies mi quis hendrerit.\n\nMassa sed elementum tempus egestas. Tincidunt lobortis feugiat vivamus at. Cras semper auctor neque vitae tempus quam. Dignissim convallis aenean et tortor at risus. Vel elit scelerisque mauris pellentesque. Donec et odio pellentesque diam volutpat commodo. Fringilla phasellus faucibus scelerisque eleifend donec pretium. Tempus egestas sed sed risus pretium quam. Ut aliquam purus sit amet luctus venenatis lectus. Elementum nisi quis eleifend quam adipiscing. In ornare quam viverra orci sagittis eu. Justo nec ultrices dui sapien eget mi proin sed.\n\nCras adipiscing enim eu turpis egestas pretium aenean pharetra magna. Nulla facilisi etiam dignissim diam. Et egestas quis ipsum suspendisse ultrices gravida dictum fusce. Pulvinar pellentesque habitant morbi tristique senectus et. Egestas sed sed risus pretium. Posuere morbi leo urna molestie at. Quam nulla porttitor massa id neque aliquam vestibulum. Risus sed vulputate odio ut enim blandit. Dolor magna eget est lorem ipsum dolor sit amet. Dictumst vestibulum rhoncus est pellentesque. Volutpat ac tincidunt vitae semper. Donec ultrices tincidunt arcu non sodales neque sodales ut. Maecenas pharetra convallis posuere morbi leo urna molestie.\n\nSagittis eu volutpat odio facilisis mauris. Montes nascetur ridiculus mus mauris vitae ultricies leo integer malesuada. Aliquam nulla facilisi cras fermentum odio eu. Magnis dis parturient montes nascetur ridiculus mus. Arcu non sodales neque sodales ut etiam sit. Lacus vestibulum sed arcu non odio euismod lacinia at quis. Nunc pulvinar sapien et ligula ullamcorper malesuada proin libero nunc. Massa id neque aliquam vestibulum morbi blandit cursus risus. Pellentesque elit eget gravida cum sociis natoque penatibus et. Interdum posuere lorem ipsum dolor sit amet ...",
        "Size": 40536,
        "Ts": "2017-12-13 02:41:18"
      },
      "NumQueriesWithErrors": 0,
      "ErrorsCode": null,
      "ErrorsCount": null
    }
  },
  "RateLimit": 0,
  "Error": ""
}