{
  "Global": {
    "Id": "",
    "Fingerprint": "",
    "Metrics": {
      "TimeMetrics": {
        "Lock_time": {
          "Sum": 0,
          "Min": 0,
          "Avg": 0,
          "Med": 0,
          "P95": 0,
          "Max": 0
        },
        "Query_time": {
          "Sum": 4,
          "Min": 2,
          "Avg": 2,
          "Med": 2,
          "P95": 2,
          "Max": 2
        }
      },
      "NumberMetrics": {
        "Rows_examined": {
          "Sum": 0,
          "Min": 0,
          "Avg": 0,
          "Med": 0,
          "P95": 0,
          "Max": 0
        },
        "Rows_sent": {
          "Sum": 2,
          "Min": 1,
          "Avg": 1,
          "Med": 1,
          "P95": 1,
          "Max": 1
        }
      }
    },
    "TotalQueries": 2,
    "UniqueQueries": 2
  },
  "Class": {
    "3A99CC42AEDCCFCD": {
      "Id": "3A99CC42AEDCCFCD",
      "Fingerprint": "select sleep(?) from test.n",
      "Metrics": {
        "TimeMetrics": {
          "Lock_time": {
            "Sum": 0,
            "Min": 0,
            "Avg": 0,
            "Med": 0,
            "P95": 0,
            "Max": 0
          },
          "Query_time": {
            "Sum": 2,
            "Min": 2,
            "Avg": 2,
            "Med": 2,
            "P95": 2,
            "Max": 2
          }
        },
        "NumberMetrics": {
          "Rows_examined": {
            "Sum": 0,
            "Min": 0,
            "Avg": 0,
            "Med": 0,
            "P95": 0,
            "Max": 0
          },
          "Rows_sent": {
            "Sum": 1,
            "Min": 1,
            "Avg": 1,
            "Med": 1,
            "P95": 1,
            "Max": 1
          }
        }
      },
      "TotalQueries": 1,
      "UniqueQueries": 1
    },
    "7F7D57ACDD8A346E": {
      "Id": "7F7D57ACDD8A346E",
      "Fingerprint": "select sleep(?) from n",
      "Metrics": {
        "TimeMetrics": {
          "Lock_time": {
            "Sum": 0,
            "Min": 0,
            "Avg": 0,
            "Med": 0,
            "P95": 0,
            "Max": 0
          },
          "Query_time": {
            "Sum": 2,
            "Min": 2,
            "Avg": 2,
            "Med": 2,
            "P95": 2,
            "Max": 2
          }
        },
        "NumberMetrics": {
          "Rows_examined": {
            "Sum": 0,
            "Min": 0,
            "Avg": 0,
            "Med": 0,
            "P95": 0,
            "Max": 0
          },
          "Rows_sent": {
            "Sum": 1,
            "Min": 1,
            "Avg": 1,
            "Med": 1,
            "P95": 1,
            "Max": 1
          }
        }
      },
      "TotalQueries": 1,
      "UniqueQueries": 1
    }
  },
  "RateLimit": 0,
  "Error": ""
}