{
  "Global": {
    "Id": "",
    "User": "",
    "Host": "",
    "Db": "",
    "Server": "",
    "LabelsKey": [],
    "LabelsValue": [],
    "Fingerprint": "",
    "Metrics": {
      "TimeMetrics": {
        "Lock_time": {
          "Cnt": 2,
          "Sum": 0,
          "Min": 0,
          "P99": 0,
          "Max": 0
        },
        "Query_time": {
          "Cnt": 2,
          "Sum": 4,
          "Min": 2,
          "P99": 2,
          "Max": 2
        }
      },
      "NumberMetrics": {
        "Rows_examined": {
          "Cnt": 2,
          "Sum": 0,
          "Min": 0,
          "P99": 0,
          "Max": 0
        },
        "Rows_sent": {
          "Cnt": 2,
          "Sum": 2,
          "Min": 1,
          "P99": 1,
          "Max": 1
        }
      }
    },
    "TotalQueries": 2,
    "UniqueQueries": 2,
    "NumQueriesWithErrors": 0,
    "ErrorsCode": null,
    "ErrorsCount": null
  },
  "Class": {
    "3A99CC42AEDCCFCD;root;localhost;sakila;": {
      "Id": "3A99CC42AEDCCFCD",
      "User": "root",
      "Host": "localhost",
      "Db": "sakila",
      "Server": "",
      "LabelsKey": [],
      "LabelsValue": [],
      "Fingerprint": "select sleep(?) from test.n",
      "Metrics": {
        "TimeMetrics": {
          "Lock_time": {
            "Cnt": 1,
            "Sum": 0,
            "Min": 0,
            "P99": 0,
            "Max": 0
          },
          "Query_time": {
            "Cnt": 1,
            "Sum": 2,
            "Min": 2,
            "P99": 2,
            "Max": 2
          }
        },
        "NumberMetrics": {
          "Rows_examined": {
            "Cnt": 1,
            "Sum": 0,
            "Min": 0,
            "P99": 0,
            "Max": 0
          },
          "Rows_sent": {
            "Cnt": 1,
            "Sum": 1,
            "Min": 1,
            "P99": 1,
            "Max": 1
          }
        }
      },
      "TotalQueries": 1,
      "UniqueQueries": 1,
      "Example": {
        "QueryTime": 2,
        "Db": "sakila",
        "Query": "select sleep(2) from test.n",
        "Size": 27,
        "Ts": "2007-10-15 21:45:10"
      },
      "NumQueriesWithErrors": 0,
      "ErrorsCode": null,
      "ErrorsCount": null
    },
    "7F7D57ACDD8A346E;root;localhost;test;": {
      "Id": "7F7D57ACDD8A346E",
      "User": "root",
      "Host": "localhost",
      "Db": "test",
      "Server": "",
      "LabelsKey": [],
      "LabelsValue": [],
      "Fingerprint": "select sleep(?) from n",
      "Metrics": {
        "TimeMetrics": {
          "Lock_time": {
            "Cnt": 1,
            "Sum": 0,
            "Min": 0,
            "P99": 0,
            "Max": 0
          },
          "Query_time": {
            "Cnt": 1,
            "Sum": 2,
            "Min": 2,
            "P99": 2,
            "Max": 2
          }
        },
        "NumberMetrics": {
          "Rows_examined": {
            "Cnt": 1,
            "Sum": 0,
            "Min": 0,
            "P99": 0,
            "Max": 0
          },
          "Rows_sent": {
            "Cnt": 1,
            "Sum": 1,
            "Min": 1,
            "P99": 1,
            "Max": 1
          }
        }
      },
      "TotalQueries": 1,
      "UniqueQueries": 1,
      "Example": {
        "QueryTime": 2,
        "Db": "test",
        "Query": "select sleep(2) from n",
        "Size": 22,
        "Ts": "2007-10-15 21:43:52"
      },
      "NumQueriesWithErrors": 0,
      "ErrorsCode": null,
      "ErrorsCount": null
    }
  },
  "RateLimit": 0,
  "Error": ""
}